
==================================== ERRORS ====================================
__________________ ERROR collecting tests/test_ecc_example.py __________________
.venv/lib/python3.12/site-packages/_pytest/python.py:507: in importtestmodule
    mod = import_path(
.venv/lib/python3.12/site-packages/_pytest/pathlib.py:587: in import_path
    importlib.import_module(module_name)
/home/codespace/.python/current/lib/python3.12/importlib/__init__.py:90: in import_module
    return _bootstrap._gcd_import(name[level:], package, level)
           ^^^^^^^^^^^^^^^^^^^^^^^^^^^^^^^^^^^^^^^^^^^^^^^^^^^^
<frozen importlib._bootstrap>:1387: in _gcd_import
    ???
<frozen importlib._bootstrap>:1360: in _find_and_load
    ???
<frozen importlib._bootstrap>:1331: in _find_and_load_unlocked
    ???
<frozen importlib._bootstrap>:935: in _load_unlocked
    ???
.venv/lib/python3.12/site-packages/_pytest/assertion/rewrite.py:188: in exec_module
    source_stat, co = _rewrite_test(fn, self.config)
                      ^^^^^^^^^^^^^^^^^^^^^^^^^^^^^^
.venv/lib/python3.12/site-packages/_pytest/assertion/rewrite.py:357: in _rewrite_test
    tree = ast.parse(source, filename=strfn)
           ^^^^^^^^^^^^^^^^^^^^^^^^^^^^^^^^^
/home/codespace/.python/current/lib/python3.12/ast.py:52: in parse
    return compile(source, filename, mode, flags,
E     File "/workspaces/5D-Digital-Data-Storage/tests/test_ecc_example.py", line 32
E       *** End Patch
E       ^^
E   SyntaxError: invalid syntax
______________ ERROR collecting tests/test_storage_pattern_io.py _______________
.venv/lib/python3.12/site-packages/_pytest/python.py:507: in importtestmodule
    mod = import_path(
.venv/lib/python3.12/site-packages/_pytest/pathlib.py:587: in import_path
    importlib.import_module(module_name)
/home/codespace/.python/current/lib/python3.12/importlib/__init__.py:90: in import_module
    return _bootstrap._gcd_import(name[level:], package, level)
           ^^^^^^^^^^^^^^^^^^^^^^^^^^^^^^^^^^^^^^^^^^^^^^^^^^^^
<frozen importlib._bootstrap>:1387: in _gcd_import
    ???
<frozen importlib._bootstrap>:1360: in _find_and_load
    ???
<frozen importlib._bootstrap>:1331: in _find_and_load_unlocked
    ???
<frozen importlib._bootstrap>:935: in _load_unlocked
    ???
.venv/lib/python3.12/site-packages/_pytest/assertion/rewrite.py:188: in exec_module
    source_stat, co = _rewrite_test(fn, self.config)
                      ^^^^^^^^^^^^^^^^^^^^^^^^^^^^^^
.venv/lib/python3.12/site-packages/_pytest/assertion/rewrite.py:357: in _rewrite_test
    tree = ast.parse(source, filename=strfn)
           ^^^^^^^^^^^^^^^^^^^^^^^^^^^^^^^^^
/home/codespace/.python/current/lib/python3.12/ast.py:52: in parse
    return compile(source, filename, mode, flags,
E     File "/workspaces/5D-Digital-Data-Storage/tests/test_storage_pattern_io.py", line 26
E       *** End Patch
E       ^^
E   SyntaxError: invalid syntax
=========================== short test summary info ============================
ERROR tests/test_ecc_example.py
ERROR tests/test_storage_pattern_io.py
!!!!!!!!!!!!!!!!!!! Interrupted: 2 errors during collection !!!!!!!!!!!!!!!!!!!!
2 errors in 0.58s
